---
source: spargen/tests/snapshot.rs
expression: api_surface(&source)
---
operations (12):
  chat
  copy
  create
  delete
  embed
  generate
  list
  ps
  pull
  push
  show
  version
types (74):
  BlockingClient
  ChatError
  Client
  CopyError
  CreateError
  DeleteError
  EmbedError
  GenerateError
  ListError
  PsError
  PullError
  PushError
  ShowError
  VersionError
  types::ChatMessage
  types::ChatMessagerole
  types::ChatRequest
  types::ChatRequestformat
  types::ChatRequestformatVariant0
  types::ChatRequestformatVariant1
  types::ChatRequestkeepAlive
  types::ChatRequestthink
  types::ChatRequestthinkVariant1
  types::ChatResponse
  types::ChatResponsemessage
  types::ChatStreamEvent
  types::ChatStreamEventmessage
  types::CopyRequest
  types::CreateRequest
  types::CreateRequestlicense
  types::CreateRequestparameters
  types::DeleteRequest
  types::EmbedRequest
  types::EmbedRequestinput
  types::EmbedResponse
  types::ErrorResponse
  types::GenerateRequest
  types::GenerateRequestformat
  types::GenerateRequestformatVariant1
  types::GenerateRequestkeepAlive
  types::GenerateRequestthink
  types::GenerateRequestthinkVariant1
  types::GenerateResponse
  types::GenerateStreamEvent
  types::ListResponse
  types::Logprob
  types::ModelOptions
  types::ModelOptionsstop
  types::ModelSummary
  types::ModelSummarydetails
  types::Ps
  types::PsResponse
  types::Psdetails
  types::PullRequest
  types::PushRequest
  types::ShowRequest
  types::ShowResponse
  types::ShowResponsedetails
  types::ShowResponsemodelInfo
  types::StatusEvent
  types::StatusResponse
  types::TokenLogprob
  types::ToolCall
  types::ToolCallfunction
  types::ToolCallfunctionarguments
  types::ToolDefinition
  types::ToolDefinitionfunction
  types::ToolDefinitionfunctionparameters
  types::VersionResponse
  types::WebFetchRequest
  types::WebFetchResponse
  types::WebSearchRequest
  types::WebSearchResponse
  types::WebSearchResult
