---
source: spargen/tests/snapshot.rs
expression: api_surface(&source)
---
operations (3):
  create_pets
  list_pets
  show_pet_by_id
types (14):
  BlockingClient
  Client
  CreatePetsError
  ListPetsError
  ListPetsParams
  ListPetsStatus200Headers
  ShowPetByIdError
  types::Error
  types::Pet
  types::ResponseBody
  types::ResponseBody84222325
  types::ResponseBody842223252
  types::ResponseBody842223253
  types::ResponseBody842223254
